```ts pages/api/users.ts
import type { NextApiRequest, NextApiResponse } from 'next';

export default function handler(req: NextApiRequest, res: NextApiResponse) {
  if (req.method === 'GET') {
    res.status(200).json({ users: [] });
    return;
  }
  res.status(405).end();
}
```

Getting 404 on POST requests to this route. What am I missing?
